// Jest Snapshot v1, https://goo.gl/fbAQLP

exports[`App renders concatenated string 1`] = `
<div
  styleName="app-style"
>
  Testing this!
</div>
`;
